// Jest Snapshot v1, https://goo.gl/fbAQLP

exports[`BackgroundPicture 1`] = `
<Fragment>
  <styled.img
    alt="test"
    height={400}
    src="https://placehold.jp/150x150.png"
    width={1024}
  />
</Fragment>
`;
