// Jest Snapshot v1, https://goo.gl/fbAQLP

exports[`Button 1`] = `
<styled.button
  onClick={[Function]}
>
  test
</styled.button>
`;
