// Jest Snapshot v1, https://goo.gl/fbAQLP

exports[`MainTitle 1`] = `
<styled.h1>
  test
</styled.h1>
`;
