// Jest Snapshot v1, https://goo.gl/fbAQLP

exports[`Title 1`] = `
<styled.h2>
  test
</styled.h2>
`;
