// Jest Snapshot v1, https://goo.gl/fbAQLP

exports[`Skeleton 1`] = `
<styled.div>
  <styled.div />
  <styled.div>
    ..........
  </styled.div>
</styled.div>
`;
