// Jest Snapshot v1, https://goo.gl/fbAQLP

exports[`SearchInput 1`] = `
<styled.input
  onChange={[Function]}
  placeholder="test"
  type="search"
/>
`;
